Release 14.7 - xst P.20131013 (lin64)
Copyright (c) 1995-2013 Xilinx, Inc.  All rights reserved.
--> 
Parameter TMPDIR set to xst/projnav.tmp


Total REAL time to Xst completion: 2.00 secs
Total CPU time to Xst completion: 0.09 secs
 
--> 
Parameter xsthdpdir set to xst


Total REAL time to Xst completion: 2.00 secs
Total CPU time to Xst completion: 0.09 secs
 
--> 
Reading design: motherBoard.prj

TABLE OF CONTENTS
  1) Synthesis Options Summary
  2) HDL Parsing
  3) HDL Elaboration
  4) HDL Synthesis
       4.1) HDL Synthesis Report
  5) Advanced HDL Synthesis
       5.1) Advanced HDL Synthesis Report
  6) Low Level Synthesis
  7) Partition Report
  8) Design Summary
       8.1) Primitive and Black Box Usage
       8.2) Device utilization summary
       8.3) Partition Resource Summary
       8.4) Timing Report
            8.4.1) Clock Information
            8.4.2) Asynchronous Control Signals Information
            8.4.3) Timing Summary
            8.4.4) Timing Details
            8.4.5) Cross Clock Domains Report


=========================================================================
*                      Synthesis Options Summary                        *
=========================================================================
---- Source Parameters
Input File Name                    : "motherBoard.prj"
Ignore Synthesis Constraint File   : NO

---- Target Parameters
Output File Name                   : "motherBoard"
Output Format                      : NGC
Target Device                      : xc6slx45-2-csg324

---- Source Options
Top Module Name                    : motherBoard
Automatic FSM Extraction           : YES
FSM Encoding Algorithm             : Auto
Safe Implementation                : No
FSM Style                          : LUT
RAM Extraction                     : Yes
RAM Style                          : Auto
ROM Extraction                     : Yes
Shift Register Extraction          : YES
ROM Style                          : Auto
Resource Sharing                   : YES
Asynchronous To Synchronous        : NO
Shift Register Minimum Size        : 2
Use DSP Block                      : Auto
Automatic Register Balancing       : No

---- Target Options
LUT Combining                      : Auto
Reduce Control Sets                : Auto
Add IO Buffers                     : YES
Global Maximum Fanout              : 100000
Add Generic Clock Buffer(BUFG)     : 16
Register Duplication               : YES
Optimize Instantiated Primitives   : NO
Use Clock Enable                   : Auto
Use Synchronous Set                : Auto
Use Synchronous Reset              : Auto
Pack IO Registers into IOBs        : Auto
Equivalent register Removal        : YES

---- General Options
Optimization Goal                  : Speed
Optimization Effort                : 1
Power Reduction                    : NO
Keep Hierarchy                     : No
Netlist Hierarchy                  : As_Optimized
RTL Output                         : Yes
Global Optimization                : AllClockNets
Read Cores                         : YES
Write Timing Constraints           : NO
Cross Clock Analysis               : NO
Hierarchy Separator                : /
Bus Delimiter                      : <>
Case Specifier                     : Maintain
Slice Utilization Ratio            : 100
BRAM Utilization Ratio             : 100
DSP48 Utilization Ratio            : 100
Auto BRAM Packing                  : NO
Slice Utilization Ratio Delta      : 5

=========================================================================


=========================================================================
*                          HDL Parsing                                  *
=========================================================================
Parsing VHDL file "/home/r/git/acPEPE/registerBank.vhd" into library work
Parsing entity <registerBank>.
Parsing architecture <Behavioral> of entity <registerbank>.
Parsing VHDL file "/home/r/git/acPEPE/programCounter.vhd" into library work
Parsing entity <programCounter>.
Parsing architecture <Behavioral> of entity <programcounter>.
Parsing VHDL file "/home/r/git/acPEPE/outputPeripheral.vhd" into library work
Parsing entity <outputPeripheral>.
Parsing architecture <Behavioral> of entity <outputperipheral>.
Parsing VHDL file "/home/r/git/acPEPE/muxRegisterBank.vhd" into library work
Parsing entity <muxRegisterBank>.
Parsing architecture <Behavioral> of entity <muxregisterbank>.
Parsing VHDL file "/home/r/git/acPEPE/muxProgramCounter.vhd" into library work
Parsing entity <muxProgramCounter>.
Parsing architecture <Behavioral> of entity <muxprogramcounter>.
Parsing VHDL file "/home/r/git/acPEPE/inputPeripheral.vhd" into library work
Parsing entity <inputPeripheral>.
Parsing architecture <Behavioral> of entity <inputperipheral>.
Parsing VHDL file "/home/r/git/acPEPE/gateNOT.vhd" into library work
Parsing entity <gateNOT>.
Parsing architecture <Behavioral> of entity <gatenot>.
Parsing VHDL file "/home/r/git/acPEPE/gateNOR.vhd" into library work
Parsing entity <gateNOR>.
Parsing architecture <Behavioral> of entity <gatenor>.
Parsing VHDL file "/home/r/git/acPEPE/decodeROM.vhd" into library work
Parsing entity <decodeROM>.
Parsing architecture <Behavioral> of entity <decoderom>.
Parsing VHDL file "/home/r/git/acPEPE/comparisonRegister.vhd" into library work
Parsing entity <comparisonRegister>.
Parsing architecture <Behavioral> of entity <comparisonregister>.
Parsing VHDL file "/home/r/git/acPEPE/comparisonMUX.vhd" into library work
Parsing entity <comparisonMUX>.
Parsing architecture <Behavioral> of entity <comparisonmux>.
Parsing VHDL file "/home/r/git/acPEPE/ALU.vhd" into library work
Parsing entity <ALU>.
Parsing architecture <Behavioral> of entity <alu>.
Parsing VHDL file "/home/r/git/acPEPE/RAM.vhd" into library work
Parsing entity <RAM>.
Parsing architecture <Behavioral> of entity <ram>.
Parsing VHDL file "/home/r/git/acPEPE/instructionMemory.vhd" into library work
Parsing entity <instructionMemory>.
Parsing architecture <Behavioral> of entity <instructionmemory>.
Parsing VHDL file "/home/r/git/acPEPE/CPU.vhd" into library work
Parsing entity <CPU>.
Parsing architecture <Struct> of entity <cpu>.
Parsing VHDL file "/home/r/git/acPEPE/motherBoard.vhd" into library work
Parsing entity <motherBoard>.
Parsing architecture <Struct> of entity <motherboard>.

=========================================================================
*                            HDL Elaboration                            *
=========================================================================

Elaborating entity <motherBoard> (architecture <Struct>) from library <work>.

Elaborating entity <CPU> (architecture <Struct>) from library <work>.

Elaborating entity <inputPeripheral> (architecture <Behavioral>) from library <work>.

Elaborating entity <outputPeripheral> (architecture <Behavioral>) from library <work>.

Elaborating entity <muxRegisterBank> (architecture <Behavioral>) from library <work>.
INFO:HDLCompiler:679 - "/home/r/git/acPEPE/muxRegisterBank.vhd" Line 24. Case statement is complete. others clause is never selected

Elaborating entity <registerBank> (architecture <Behavioral>) from library <work>.
WARNING:HDLCompiler:92 - "/home/r/git/acPEPE/registerBank.vhd" Line 28: escr_r should be on the sensitivity list of the process

Elaborating entity <ALU> (architecture <Behavioral>) from library <work>.

Elaborating entity <comparisonRegister> (architecture <Behavioral>) from library <work>.

Elaborating entity <comparisonMUX> (architecture <Behavioral>) from library <work>.

Elaborating entity <programCounter> (architecture <Behavioral>) from library <work>.

Elaborating entity <muxProgramCounter> (architecture <Behavioral>) from library <work>.

Elaborating entity <decodeROM> (architecture <Behavioral>) from library <work>.

Elaborating entity <gateNOT> (architecture <Behavioral>) from library <work>.

Elaborating entity <gateNOR> (architecture <Behavioral>) from library <work>.

Elaborating entity <RAM> (architecture <Behavioral>) from library <work>.
WARNING:HDLCompiler:92 - "/home/r/git/acPEPE/RAM.vhd" Line 23: wr should be on the sensitivity list of the process
WARNING:HDLCompiler:92 - "/home/r/git/acPEPE/RAM.vhd" Line 24: constante should be on the sensitivity list of the process

Elaborating entity <instructionMemory> (architecture <Behavioral>) from library <work>.

=========================================================================
*                           HDL Synthesis                               *
=========================================================================

Synthesizing Unit <motherBoard>.
    Related source file is "/home/r/git/acPEPE/motherBoard.vhd".
    Summary:
	no macro.
Unit <motherBoard> synthesized.

Synthesizing Unit <CPU>.
    Related source file is "/home/r/git/acPEPE/CPU.vhd".
    Summary:
	no macro.
Unit <CPU> synthesized.

Synthesizing Unit <inputPeripheral>.
    Related source file is "/home/r/git/acPEPE/inputPeripheral.vhd".
WARNING:Xst:737 - Found 1-bit latch for signal <Dados_IN<6>>. Latches may be generated from incomplete case or if statements. We do not recommend the use of latches in FPGA/CPLD designs, as they may lead to timing problems.
WARNING:Xst:737 - Found 1-bit latch for signal <Dados_IN<5>>. Latches may be generated from incomplete case or if statements. We do not recommend the use of latches in FPGA/CPLD designs, as they may lead to timing problems.
WARNING:Xst:737 - Found 1-bit latch for signal <Dados_IN<4>>. Latches may be generated from incomplete case or if statements. We do not recommend the use of latches in FPGA/CPLD designs, as they may lead to timing problems.
WARNING:Xst:737 - Found 1-bit latch for signal <Dados_IN<3>>. Latches may be generated from incomplete case or if statements. We do not recommend the use of latches in FPGA/CPLD designs, as they may lead to timing problems.
WARNING:Xst:737 - Found 1-bit latch for signal <Dados_IN<2>>. Latches may be generated from incomplete case or if statements. We do not recommend the use of latches in FPGA/CPLD designs, as they may lead to timing problems.
WARNING:Xst:737 - Found 1-bit latch for signal <Dados_IN<1>>. Latches may be generated from incomplete case or if statements. We do not recommend the use of latches in FPGA/CPLD designs, as they may lead to timing problems.
WARNING:Xst:737 - Found 1-bit latch for signal <Dados_IN<0>>. Latches may be generated from incomplete case or if statements. We do not recommend the use of latches in FPGA/CPLD designs, as they may lead to timing problems.
WARNING:Xst:737 - Found 1-bit latch for signal <Dados_IN<7>>. Latches may be generated from incomplete case or if statements. We do not recommend the use of latches in FPGA/CPLD designs, as they may lead to timing problems.
    Summary:
	inferred   8 Latch(s).
Unit <inputPeripheral> synthesized.

Synthesizing Unit <outputPeripheral>.
    Related source file is "/home/r/git/acPEPE/outputPeripheral.vhd".
    Found 8-bit register for signal <POUT>.
    Summary:
	inferred   8 D-type flip-flop(s).
Unit <outputPeripheral> synthesized.

Synthesizing Unit <muxRegisterBank>.
    Related source file is "/home/r/git/acPEPE/muxRegisterBank.vhd".
    Found 8-bit 4-to-1 multiplexer for signal <Dados_R> created at line 19.
    Summary:
	inferred   1 Multiplexer(s).
Unit <muxRegisterBank> synthesized.

Synthesizing Unit <registerBank>.
    Related source file is "/home/r/git/acPEPE/registerBank.vhd".
    Found 8-bit register for signal <R1>.
    Found 8-bit register for signal <R2>.
    Found 8-bit register for signal <R3>.
    Found 8-bit register for signal <R4>.
    Found 8-bit register for signal <R5>.
    Found 8-bit register for signal <R0>.
    Found 8-bit 6-to-1 multiplexer for signal <Operando1> created at line 40.
    Found 8-bit 6-to-1 multiplexer for signal <Operando2> created at line 50.
    Summary:
	inferred  48 D-type flip-flop(s).
	inferred   2 Multiplexer(s).
Unit <registerBank> synthesized.

Synthesizing Unit <ALU>.
    Related source file is "/home/r/git/acPEPE/ALU.vhd".
    Found 8-bit adder for signal <Operando1[7]_Operando2[7]_add_0_OUT> created at line 20.
    Found 8-bit subtractor for signal <Operando1[7]_Operando2[7]_sub_2_OUT<7:0>> created at line 21.
    Found 1-bit 8-to-1 multiplexer for signal <SEL_ALU[3]_X_19_o_Mux_20_o> created at line 19.
    Found 1-bit 8-to-1 multiplexer for signal <SEL_ALU[3]_X_19_o_Mux_22_o> created at line 19.
    Found 1-bit 8-to-1 multiplexer for signal <SEL_ALU[3]_X_19_o_Mux_24_o> created at line 19.
    Found 1-bit 8-to-1 multiplexer for signal <SEL_ALU[3]_X_19_o_Mux_26_o> created at line 19.
    Found 1-bit 8-to-1 multiplexer for signal <SEL_ALU[3]_X_19_o_Mux_28_o> created at line 19.
    Found 1-bit 8-to-1 multiplexer for signal <SEL_ALU[3]_X_19_o_Mux_30_o> created at line 19.
    Found 1-bit 8-to-1 multiplexer for signal <SEL_ALU[3]_X_19_o_Mux_32_o> created at line 19.
    Found 1-bit 8-to-1 multiplexer for signal <SEL_ALU[3]_X_19_o_Mux_34_o> created at line 19.
WARNING:Xst:737 - Found 1-bit latch for signal <Resultado<6>>. Latches may be generated from incomplete case or if statements. We do not recommend the use of latches in FPGA/CPLD designs, as they may lead to timing problems.
WARNING:Xst:737 - Found 1-bit latch for signal <Resultado<5>>. Latches may be generated from incomplete case or if statements. We do not recommend the use of latches in FPGA/CPLD designs, as they may lead to timing problems.
WARNING:Xst:737 - Found 1-bit latch for signal <Resultado<4>>. Latches may be generated from incomplete case or if statements. We do not recommend the use of latches in FPGA/CPLD designs, as they may lead to timing problems.
WARNING:Xst:737 - Found 1-bit latch for signal <Resultado<3>>. Latches may be generated from incomplete case or if statements. We do not recommend the use of latches in FPGA/CPLD designs, as they may lead to timing problems.
WARNING:Xst:737 - Found 1-bit latch for signal <Resultado<2>>. Latches may be generated from incomplete case or if statements. We do not recommend the use of latches in FPGA/CPLD designs, as they may lead to timing problems.
WARNING:Xst:737 - Found 1-bit latch for signal <Resultado<1>>. Latches may be generated from incomplete case or if statements. We do not recommend the use of latches in FPGA/CPLD designs, as they may lead to timing problems.
WARNING:Xst:737 - Found 1-bit latch for signal <Resultado<0>>. Latches may be generated from incomplete case or if statements. We do not recommend the use of latches in FPGA/CPLD designs, as they may lead to timing problems.
WARNING:Xst:737 - Found 1-bit latch for signal <varCOMP0>. Latches may be generated from incomplete case or if statements. We do not recommend the use of latches in FPGA/CPLD designs, as they may lead to timing problems.
WARNING:Xst:737 - Found 1-bit latch for signal <varCOMP1>. Latches may be generated from incomplete case or if statements. We do not recommend the use of latches in FPGA/CPLD designs, as they may lead to timing problems.
WARNING:Xst:737 - Found 1-bit latch for signal <varCOMP2>. Latches may be generated from incomplete case or if statements. We do not recommend the use of latches in FPGA/CPLD designs, as they may lead to timing problems.
WARNING:Xst:737 - Found 1-bit latch for signal <varCOMP3>. Latches may be generated from incomplete case or if statements. We do not recommend the use of latches in FPGA/CPLD designs, as they may lead to timing problems.
WARNING:Xst:737 - Found 1-bit latch for signal <varCOMP4>. Latches may be generated from incomplete case or if statements. We do not recommend the use of latches in FPGA/CPLD designs, as they may lead to timing problems.
WARNING:Xst:737 - Found 1-bit latch for signal <Resultado<7>>. Latches may be generated from incomplete case or if statements. We do not recommend the use of latches in FPGA/CPLD designs, as they may lead to timing problems.
    Found 8-bit comparator equal for signal <Operando1[7]_Operando2[7]_equal_9_o> created at line 30
    Found 8-bit comparator greater for signal <Operando2[7]_Operando1[7]_LessThan_10_o> created at line 32
    Found 8-bit comparator greater for signal <n0013> created at line 34
    Summary:
	inferred   2 Adder/Subtractor(s).
	inferred  13 Latch(s).
	inferred   3 Comparator(s).
	inferred   9 Multiplexer(s).
Unit <ALU> synthesized.

Synthesizing Unit <comparisonRegister>.
    Related source file is "/home/r/git/acPEPE/comparisonRegister.vhd".
    Found 5-bit register for signal <R_FLAG>.
    Summary:
	inferred   5 D-type flip-flop(s).
Unit <comparisonRegister> synthesized.

Synthesizing Unit <comparisonMUX>.
    Related source file is "/home/r/git/acPEPE/comparisonMUX.vhd".
    Found 1-bit 5-to-1 multiplexer for signal <S_FLAG> created at line 15.
    Summary:
	inferred   1 Multiplexer(s).
Unit <comparisonMUX> synthesized.

Synthesizing Unit <programCounter>.
    Related source file is "/home/r/git/acPEPE/programCounter.vhd".
    Register <enderecoActual> equivalent to <Endereco> has been removed
    Found 8-bit register for signal <Endereco>.
    Found 8-bit adder for signal <enderecoActual[7]_GND_36_o_add_0_OUT> created at line 23.
    Summary:
	inferred   1 Adder/Subtractor(s).
	inferred   8 D-type flip-flop(s).
	inferred   1 Multiplexer(s).
Unit <programCounter> synthesized.

Synthesizing Unit <muxProgramCounter>.
    Related source file is "/home/r/git/acPEPE/muxProgramCounter.vhd".
    Summary:
	no macro.
Unit <muxProgramCounter> synthesized.

Synthesizing Unit <decodeROM>.
    Related source file is "/home/r/git/acPEPE/decodeROM.vhd".
WARNING:Xst:647 - Input <Registo_1> is never used. This port will be preserved and left unconnected if it belongs to a top-level block or it belongs to a sub-block and the hierarchy of this sub-block is preserved.
WARNING:Xst:647 - Input <Registo_2> is never used. This port will be preserved and left unconnected if it belongs to a top-level block or it belongs to a sub-block and the hierarchy of this sub-block is preserved.
    Found 32x16-bit Read Only RAM for signal <_n0047>
    Summary:
	inferred   1 RAM(s).
Unit <decodeROM> synthesized.

Synthesizing Unit <gateNOT>.
    Related source file is "/home/r/git/acPEPE/gateNOT.vhd".
    Summary:
	no macro.
Unit <gateNOT> synthesized.

Synthesizing Unit <gateNOR>.
    Related source file is "/home/r/git/acPEPE/gateNOR.vhd".
    Summary:
	no macro.
Unit <gateNOR> synthesized.

Synthesizing Unit <RAM>.
    Related source file is "/home/r/git/acPEPE/RAM.vhd".
    Found 256x8-bit single-port RAM <Mram_memoryData> for signal <memoryData>.
WARNING:Xst:737 - Found 1-bit latch for signal <Dados_M<6>>. Latches may be generated from incomplete case or if statements. We do not recommend the use of latches in FPGA/CPLD designs, as they may lead to timing problems.
WARNING:Xst:737 - Found 1-bit latch for signal <Dados_M<5>>. Latches may be generated from incomplete case or if statements. We do not recommend the use of latches in FPGA/CPLD designs, as they may lead to timing problems.
WARNING:Xst:737 - Found 1-bit latch for signal <Dados_M<4>>. Latches may be generated from incomplete case or if statements. We do not recommend the use of latches in FPGA/CPLD designs, as they may lead to timing problems.
WARNING:Xst:737 - Found 1-bit latch for signal <Dados_M<3>>. Latches may be generated from incomplete case or if statements. We do not recommend the use of latches in FPGA/CPLD designs, as they may lead to timing problems.
WARNING:Xst:737 - Found 1-bit latch for signal <Dados_M<2>>. Latches may be generated from incomplete case or if statements. We do not recommend the use of latches in FPGA/CPLD designs, as they may lead to timing problems.
WARNING:Xst:737 - Found 1-bit latch for signal <Dados_M<1>>. Latches may be generated from incomplete case or if statements. We do not recommend the use of latches in FPGA/CPLD designs, as they may lead to timing problems.
WARNING:Xst:737 - Found 1-bit latch for signal <Dados_M<0>>. Latches may be generated from incomplete case or if statements. We do not recommend the use of latches in FPGA/CPLD designs, as they may lead to timing problems.
WARNING:Xst:737 - Found 1-bit latch for signal <Dados_M<7>>. Latches may be generated from incomplete case or if statements. We do not recommend the use of latches in FPGA/CPLD designs, as they may lead to timing problems.
    Summary:
	inferred   1 RAM(s).
	inferred   8 Latch(s).
Unit <RAM> synthesized.

Synthesizing Unit <instructionMemory>.
    Related source file is "/home/r/git/acPEPE/instructionMemory.vhd".
    Found 32x19-bit Read Only RAM for signal <_n0263>
    Summary:
	inferred   1 RAM(s).
Unit <instructionMemory> synthesized.

=========================================================================
HDL Synthesis Report

Macro Statistics
# RAMs                                                 : 3
 256x8-bit single-port RAM                             : 1
 32x16-bit single-port Read Only RAM                   : 1
 32x19-bit single-port Read Only RAM                   : 1
# Adders/Subtractors                                   : 3
 8-bit adder                                           : 2
 8-bit subtractor                                      : 1
# Registers                                            : 9
 5-bit register                                        : 1
 8-bit register                                        : 8
# Latches                                              : 29
 1-bit latch                                           : 29
# Comparators                                          : 3
 8-bit comparator equal                                : 1
 8-bit comparator greater                              : 2
# Multiplexers                                         : 14
 1-bit 5-to-1 multiplexer                              : 1
 1-bit 8-to-1 multiplexer                              : 8
 5-bit 2-to-1 multiplexer                              : 1
 8-bit 2-to-1 multiplexer                              : 1
 8-bit 4-to-1 multiplexer                              : 1
 8-bit 6-to-1 multiplexer                              : 2
# Xors                                                 : 2
 8-bit xor2                                            : 2

=========================================================================

=========================================================================
*                       Advanced HDL Synthesis                          *
=========================================================================


Synthesizing (advanced) Unit <RAM>.
INFO:Xst:3218 - HDL ADVISOR - The RAM <Mram_memoryData> will be implemented on LUTs either because you have described an asynchronous read or because of currently unsupported block RAM features. If you have described an asynchronous read, making it synchronous would allow you to take advantage of available block RAM resources, for optimized device usage and improved timings. Please refer to your documentation for coding guidelines.
    -----------------------------------------------------------------------
    | ram_type           | Distributed                         |          |
    -----------------------------------------------------------------------
    | Port A                                                              |
    |     aspect ratio   | 256-word x 8-bit                    |          |
    |     clkA           | connected to signal <clk>           | rise     |
    |     weA            | connected to signal <WR>            | high     |
    |     addrA          | connected to signal <Constante>     |          |
    |     diA            | connected to signal <Operando1>     |          |
    |     doA            | connected to internal node          |          |
    -----------------------------------------------------------------------
Unit <RAM> synthesized (advanced).

Synthesizing (advanced) Unit <decodeROM>.
INFO:Xst:3218 - HDL ADVISOR - The RAM <Mram__n0047> will be implemented on LUTs either because you have described an asynchronous read or because of currently unsupported block RAM features. If you have described an asynchronous read, making it synchronous would allow you to take advantage of available block RAM resources, for optimized device usage and improved timings. Please refer to your documentation for coding guidelines.
    -----------------------------------------------------------------------
    | ram_type           | Distributed                         |          |
    -----------------------------------------------------------------------
    | Port A                                                              |
    |     aspect ratio   | 32-word x 16-bit                    |          |
    |     weA            | connected to signal <GND>           | high     |
    |     addrA          | connected to signal <opcode>        |          |
    |     diA            | connected to signal <GND>           |          |
    |     doA            | connected to internal node          |          |
    -----------------------------------------------------------------------
Unit <decodeROM> synthesized (advanced).

Synthesizing (advanced) Unit <instructionMemory>.
INFO:Xst:3218 - HDL ADVISOR - The RAM <Mram__n0263> will be implemented on LUTs either because you have described an asynchronous read or because of currently unsupported block RAM features. If you have described an asynchronous read, making it synchronous would allow you to take advantage of available block RAM resources, for optimized device usage and improved timings. Please refer to your documentation for coding guidelines.
    -----------------------------------------------------------------------
    | ram_type           | Distributed                         |          |
    -----------------------------------------------------------------------
    | Port A                                                              |
    |     aspect ratio   | 32-word x 19-bit                    |          |
    |     weA            | connected to signal <GND>           | high     |
    |     addrA          | connected to signal <Endereco>      |          |
    |     diA            | connected to signal <GND>           |          |
    |     doA            | connected to internal node          |          |
    -----------------------------------------------------------------------
Unit <instructionMemory> synthesized (advanced).

Synthesizing (advanced) Unit <programCounter>.
The following registers are absorbed into counter <Endereco>: 1 register on signal <Endereco>.
Unit <programCounter> synthesized (advanced).

=========================================================================
Advanced HDL Synthesis Report

Macro Statistics
# RAMs                                                 : 3
 256x8-bit single-port distributed RAM                 : 1
 32x16-bit single-port distributed Read Only RAM       : 1
 32x19-bit single-port distributed Read Only RAM       : 1
# Adders/Subtractors                                   : 2
 8-bit adder                                           : 1
 8-bit subtractor                                      : 1
# Counters                                             : 1
 8-bit up counter                                      : 1
# Registers                                            : 61
 Flip-Flops                                            : 61
# Comparators                                          : 3
 8-bit comparator equal                                : 1
 8-bit comparator greater                              : 2
# Multiplexers                                         : 27
 1-bit 5-to-1 multiplexer                              : 1
 1-bit 6-to-1 multiplexer                              : 16
 1-bit 8-to-1 multiplexer                              : 8
 5-bit 2-to-1 multiplexer                              : 1
 8-bit 4-to-1 multiplexer                              : 1
# Xors                                                 : 2
 8-bit xor2                                            : 2

=========================================================================

=========================================================================
*                         Low Level Synthesis                           *
=========================================================================

Optimizing unit <inputPeripheral> ...

Optimizing unit <outputPeripheral> ...

Optimizing unit <RAM> ...

Optimizing unit <motherBoard> ...

Optimizing unit <CPU> ...

Optimizing unit <registerBank> ...

Optimizing unit <ALU> ...
WARNING:Xst:2677 - Node <A1/E1/Endereco_7> of sequential type is unconnected in block <motherBoard>.
WARNING:Xst:2677 - Node <A1/E1/Endereco_6> of sequential type is unconnected in block <motherBoard>.
WARNING:Xst:2677 - Node <A1/E1/Endereco_5> of sequential type is unconnected in block <motherBoard>.
WARNING:Xst:1710 - FF/Latch <A1/B2/R1_0> (without init value) has a constant value of 0 in block <motherBoard>. This FF/Latch will be trimmed during the optimization process.
WARNING:Xst:1895 - Due to other FF/Latch trimming, FF/Latch <A1/B2/R1_3> (without init value) has a constant value of 0 in block <motherBoard>. This FF/Latch will be trimmed during the optimization process.
WARNING:Xst:1895 - Due to other FF/Latch trimming, FF/Latch <A1/B2/R1_4> (without init value) has a constant value of 0 in block <motherBoard>. This FF/Latch will be trimmed during the optimization process.
WARNING:Xst:1895 - Due to other FF/Latch trimming, FF/Latch <A1/B2/R1_7> (without init value) has a constant value of 0 in block <motherBoard>. This FF/Latch will be trimmed during the optimization process.
WARNING:Xst:1895 - Due to other FF/Latch trimming, FF/Latch <A1/B2/R2_1> (without init value) has a constant value of 0 in block <motherBoard>. This FF/Latch will be trimmed during the optimization process.
WARNING:Xst:1895 - Due to other FF/Latch trimming, FF/Latch <A1/B2/R2_2> (without init value) has a constant value of 0 in block <motherBoard>. This FF/Latch will be trimmed during the optimization process.
WARNING:Xst:1895 - Due to other FF/Latch trimming, FF/Latch <A1/B2/R2_3> (without init value) has a constant value of 0 in block <motherBoard>. This FF/Latch will be trimmed during the optimization process.
WARNING:Xst:1895 - Due to other FF/Latch trimming, FF/Latch <A1/B2/R2_4> (without init value) has a constant value of 0 in block <motherBoard>. This FF/Latch will be trimmed during the optimization process.
WARNING:Xst:1895 - Due to other FF/Latch trimming, FF/Latch <A1/B2/R2_5> (without init value) has a constant value of 0 in block <motherBoard>. This FF/Latch will be trimmed during the optimization process.
WARNING:Xst:1895 - Due to other FF/Latch trimming, FF/Latch <A1/B2/R2_6> (without init value) has a constant value of 0 in block <motherBoard>. This FF/Latch will be trimmed during the optimization process.
WARNING:Xst:1895 - Due to other FF/Latch trimming, FF/Latch <A1/B2/R2_7> (without init value) has a constant value of 0 in block <motherBoard>. This FF/Latch will be trimmed during the optimization process.
WARNING:Xst:1895 - Due to other FF/Latch trimming, FF/Latch <A1/B2/R5_0> (without init value) has a constant value of 0 in block <motherBoard>. This FF/Latch will be trimmed during the optimization process.
WARNING:Xst:1895 - Due to other FF/Latch trimming, FF/Latch <A1/B2/R5_1> (without init value) has a constant value of 0 in block <motherBoard>. This FF/Latch will be trimmed during the optimization process.
WARNING:Xst:1895 - Due to other FF/Latch trimming, FF/Latch <A1/B2/R5_2> (without init value) has a constant value of 0 in block <motherBoard>. This FF/Latch will be trimmed during the optimization process.
WARNING:Xst:1895 - Due to other FF/Latch trimming, FF/Latch <A1/B2/R5_3> (without init value) has a constant value of 0 in block <motherBoard>. This FF/Latch will be trimmed during the optimization process.
WARNING:Xst:1895 - Due to other FF/Latch trimming, FF/Latch <A1/B2/R5_4> (without init value) has a constant value of 0 in block <motherBoard>. This FF/Latch will be trimmed during the optimization process.
WARNING:Xst:1895 - Due to other FF/Latch trimming, FF/Latch <A1/B2/R5_5> (without init value) has a constant value of 0 in block <motherBoard>. This FF/Latch will be trimmed during the optimization process.
WARNING:Xst:1895 - Due to other FF/Latch trimming, FF/Latch <A1/B2/R5_6> (without init value) has a constant value of 0 in block <motherBoard>. This FF/Latch will be trimmed during the optimization process.
WARNING:Xst:1895 - Due to other FF/Latch trimming, FF/Latch <A1/B2/R5_7> (without init value) has a constant value of 0 in block <motherBoard>. This FF/Latch will be trimmed during the optimization process.
INFO:Xst:2261 - The FF/Latch <A1/B2/R1_6> in Unit <motherBoard> is equivalent to the following FF/Latch, which will be removed : <A1/B2/R1_5> 

Mapping all equations...
Building and optimizing final netlist ...
Found area constraint ratio of 100 (+ 5) on block motherBoard, actual ratio is 0.
FlipFlop A1/E1/Endereco_0 has been replicated 2 time(s)
FlipFlop A1/E1/Endereco_1 has been replicated 2 time(s)
FlipFlop A1/E1/Endereco_2 has been replicated 2 time(s)
FlipFlop A1/E1/Endereco_3 has been replicated 2 time(s)
FlipFlop A1/E1/Endereco_4 has been replicated 2 time(s)

Final Macro Processing ...

=========================================================================
Final Register Report

Macro Statistics
# Registers                                            : 56
 Flip-Flops                                            : 56

=========================================================================

=========================================================================
*                           Partition Report                            *
=========================================================================

Partition Implementation Status
-------------------------------

  No Partitions were found in this design.

-------------------------------

=========================================================================
*                            Design Summary                             *
=========================================================================

Top Level Output File Name         : motherBoard.ngc

Primitive and Black Box Usage:
------------------------------
# BELS                             : 207
#      GND                         : 1
#      INV                         : 1
#      LUT1                        : 4
#      LUT3                        : 6
#      LUT4                        : 20
#      LUT5                        : 64
#      LUT6                        : 69
#      MUXCY                       : 18
#      MUXF7                       : 2
#      VCC                         : 1
#      XORCY                       : 21
# FlipFlops/Latches                : 85
#      FDE                         : 41
#      FDR                         : 15
#      LD                          : 21
#      LD_1                        : 8
# RAMS                             : 8
#      RAM256X1S                   : 8
# Clock Buffers                    : 1
#      BUFGP                       : 1
# IO Buffers                       : 17
#      IBUF                        : 9
#      OBUF                        : 8

Device utilization summary:
---------------------------

Selected Device : 6slx45csg324-2 


Slice Logic Utilization: 
 Number of Slice Registers:              77  out of  54576     0%  
 Number of Slice LUTs:                  196  out of  27288     0%  
    Number used as Logic:               164  out of  27288     0%  
    Number used as Memory:               32  out of   6408     0%  
       Number used as RAM:               32

Slice Logic Distribution: 
 Number of LUT Flip Flop pairs used:    221
   Number with an unused Flip Flop:     144  out of    221    65%  
   Number with an unused LUT:            25  out of    221    11%  
   Number of fully used LUT-FF pairs:    52  out of    221    23%  
   Number of unique control sets:        12

IO Utilization: 
 Number of IOs:                          18
 Number of bonded IOBs:                  18  out of    218     8%  
    IOB Flip Flops/Latches:               8

Specific Feature Utilization:
 Number of BUFG/BUFGCTRLs:                1  out of     16     6%  

---------------------------
Partition Resource Summary:
---------------------------

  No Partitions were found in this design.

---------------------------


=========================================================================
Timing Report

NOTE: THESE TIMING NUMBERS ARE ONLY A SYNTHESIS ESTIMATE.
      FOR ACCURATE TIMING INFORMATION PLEASE REFER TO THE TRACE REPORT
      GENERATED AFTER PLACE-and-ROUTE.

Clock Information:
------------------
-----------------------------------+---------------------------+-------+
Clock Signal                       | Clock buffer(FF name)     | Load  |
-----------------------------------+---------------------------+-------+
clk                                | BUFGP                     | 64    |
A1/ESCR_PNOT(A1/G1/Z1:O)           | NONE(*)(A1/A1/Dados_IN_7) | 8     |
A1/C1/_n0147<0>(A1/C1/_n0147<0>1:O)| NONE(*)(A1/C1/Resultado_0)| 8     |
A1/ESCR_F(B2/Mram__n026381:O)      | NONE(*)(A1/C1/varCOMP4)   | 5     |
WR(A1/F1/Mram__n004781:O)          | NONE(*)(B1/Dados_M_7)     | 8     |
-----------------------------------+---------------------------+-------+
(*) These 4 clock signal(s) are generated by combinatorial logic,
and XST is not able to identify which are the primary clock signals.
Please use the CLOCK_SIGNAL constraint to specify the clock signal(s) generated by combinatorial logic.
INFO:Xst:2169 - HDL ADVISOR - Some clock signals were not automatically buffered by XST with BUFG/BUFR resources. Please use the buffer_type constraint in order to insert these buffers to the clock signals to help prevent skew problems.

Asynchronous Control Signals Information:
----------------------------------------
No asynchronous control signals found in this design

Timing Summary:
---------------
Speed Grade: -2

   Minimum period: 7.805ns (Maximum Frequency: 128.123MHz)
   Minimum input arrival time before clock: 2.941ns
   Maximum output required time after clock: 4.118ns
   Maximum combinational path delay: No path found

Timing Details:
---------------
All values displayed in nanoseconds (ns)

=========================================================================
Timing constraint: Default period analysis for Clock 'clk'
  Clock period: 7.805ns (frequency: 128.123MHz)
  Total number of paths / destination ports: 10605 / 177
-------------------------------------------------------------------------
Delay:               7.805ns (Levels of Logic = 6)
  Source:            A1/E1/Endereco_1_1 (FF)
  Destination:       A1/D1/R_FLAG_2 (FF)
  Source Clock:      clk rising
  Destination Clock: clk rising

  Data Path: A1/E1/Endereco_1_1 to A1/D1/R_FLAG_2
                                Gate     Net
    Cell:in->out      fanout   Delay   Delay  Logical Name (Net Name)
    ----------------------------------------  ------------
     FDR:C->Q              3   0.525   1.196  A1/E1/Endereco_1_1 (A1/E1/Endereco_1_1)
     LUT5:I0->O           18   0.254   1.235  B2/Mram__n026351 (B2/Mram__n02635)
     LUT3:I2->O            2   0.254   0.726  A1/B2/mux51_SW0 (N4)
     LUT6:I5->O           11   0.254   1.039  A1/B2/mux51 (Operando1<5>)
     LUT6:I5->O            1   0.254   0.682  A1/C1/n001322 (A1/C1/n001321)
     LUT6:I5->O            4   0.254   0.804  A1/C1/n001324 (A1/C1/n001323)
     LUT6:I5->O            1   0.254   0.000  A1/C1/Mmux_COMP_FLAG31 (A1/COMP_FLAG<2>)
     FDE:D                     0.074          A1/D1/R_FLAG_2
    ----------------------------------------
    Total                      7.805ns (2.123ns logic, 5.682ns route)
                                       (27.2% logic, 72.8% route)

=========================================================================
Timing constraint: Default OFFSET IN BEFORE for Clock 'clk'
  Total number of paths / destination ports: 15 / 15
-------------------------------------------------------------------------
Offset:              2.941ns (Levels of Logic = 1)
  Source:            Reset (PAD)
  Destination:       A1/E1/Endereco_4 (FF)
  Destination Clock: clk rising

  Data Path: Reset to A1/E1/Endereco_4
                                Gate     Net
    Cell:in->out      fanout   Delay   Delay  Logical Name (Net Name)
    ----------------------------------------  ------------
     IBUF:I->O            15   1.328   1.154  Reset_IBUF (Reset_IBUF)
     FDR:R                     0.459          A1/E1/Endereco_0
    ----------------------------------------
    Total                      2.941ns (1.787ns logic, 1.154ns route)
                                       (60.8% logic, 39.2% route)

=========================================================================
Timing constraint: Default OFFSET IN BEFORE for Clock 'A1/ESCR_PNOT'
  Total number of paths / destination ports: 8 / 8
-------------------------------------------------------------------------
Offset:              2.045ns (Levels of Logic = 1)
  Source:            PIN<7> (PAD)
  Destination:       A1/A1/Dados_IN_7 (LATCH)
  Destination Clock: A1/ESCR_PNOT falling

  Data Path: PIN<7> to A1/A1/Dados_IN_7
                                Gate     Net
    Cell:in->out      fanout   Delay   Delay  Logical Name (Net Name)
    ----------------------------------------  ------------
     IBUF:I->O             1   1.328   0.681  PIN_7_IBUF (PIN_7_IBUF)
     LD:D                      0.036          A1/A1/Dados_IN_7
    ----------------------------------------
    Total                      2.045ns (1.364ns logic, 0.681ns route)
                                       (66.7% logic, 33.3% route)

=========================================================================
Timing constraint: Default OFFSET OUT AFTER for Clock 'clk'
  Total number of paths / destination ports: 8 / 8
-------------------------------------------------------------------------
Offset:              4.118ns (Levels of Logic = 1)
  Source:            A1/A2/POUT_7 (FF)
  Destination:       POUT<7> (PAD)
  Source Clock:      clk rising

  Data Path: A1/A2/POUT_7 to POUT<7>
                                Gate     Net
    Cell:in->out      fanout   Delay   Delay  Logical Name (Net Name)
    ----------------------------------------  ------------
     FDE:C->Q              1   0.525   0.681  A1/A2/POUT_7 (A1/A2/POUT_7)
     OBUF:I->O                 2.912          POUT_7_OBUF (POUT<7>)
    ----------------------------------------
    Total                      4.118ns (3.437ns logic, 0.681ns route)
                                       (83.5% logic, 16.5% route)

=========================================================================

Cross Clock Domains Report:
--------------------------

Clock to Setup on destination clock A1/C1/_n0147<0>
---------------+---------+---------+---------+---------+
               | Src:Rise| Src:Fall| Src:Rise| Src:Fall|
Source Clock   |Dest:Rise|Dest:Rise|Dest:Fall|Dest:Fall|
---------------+---------+---------+---------+---------+
clk            |         |         |    7.712|         |
---------------+---------+---------+---------+---------+

Clock to Setup on destination clock A1/ESCR_F
---------------+---------+---------+---------+---------+
               | Src:Rise| Src:Fall| Src:Rise| Src:Fall|
Source Clock   |Dest:Rise|Dest:Rise|Dest:Fall|Dest:Fall|
---------------+---------+---------+---------+---------+
clk            |         |         |    7.991|         |
---------------+---------+---------+---------+---------+

Clock to Setup on destination clock clk
---------------+---------+---------+---------+---------+
               | Src:Rise| Src:Fall| Src:Rise| Src:Fall|
Source Clock   |Dest:Rise|Dest:Rise|Dest:Fall|Dest:Fall|
---------------+---------+---------+---------+---------+
A1/C1/_n0147<0>|         |    1.800|         |         |
A1/ESCR_F      |         |    3.277|         |         |
A1/ESCR_PNOT   |         |    1.695|         |         |
WR             |    1.867|         |         |         |
clk            |    7.805|         |         |         |
---------------+---------+---------+---------+---------+

=========================================================================


Total REAL time to Xst completion: 12.00 secs
Total CPU time to Xst completion: 5.88 secs
 
--> 


Total memory usage is 380828 kilobytes

Number of errors   :    0 (   0 filtered)
Number of warnings :   56 (   0 filtered)
Number of infos    :    5 (   0 filtered)

